=== loss ablation Tue Sep 22 12:49:23 PM CDT 2026
----- loss=logmse
[data] coarse (35, 30) fine (420, 360) | train 1096 dev 365 test 731 days | cond channels 18 | loaded in 5.5s
[data] dev evaluation on 365 days
[model] cnn: 11.68 M parameters on cuda
[loss] logmse (mm scale 11.38)
[   200/6000] loss 0.2677 lr 7.96e-05 36.2 it/s
[   400/6000] loss 0.2488 lr 1.60e-04 37.7 it/s
[   600/6000] loss 0.1743 lr 2.00e-04 38.1 it/s
[   800/6000] loss 0.2325 lr 1.99e-04 38.4 it/s
[  1000/6000] loss 0.1983 lr 1.96e-04 38.5 it/s
[dev 1000] rmse=5.5641 bias=-0.9052
        saved cnn_logmse_best.pt (score 5.5641)
[  1200/6000] loss 0.2439 lr 1.92e-04 34.9 it/s
[  1400/6000] loss 0.1639 lr 1.87e-04 35.5 it/s
[  1600/6000] loss 0.2672 lr 1.81e-04 35.9 it/s
[  1800/6000] loss 0.2696 lr 1.74e-04 36.3 it/s
[  2000/6000] loss 0.4339 lr 1.66e-04 36.5 it/s
[dev 2000] rmse=5.9193 bias=-1.1724
[  2200/6000] loss 0.2399 lr 1.56e-04 35.0 it/s
[  2400/6000] loss 0.1389 lr 1.47e-04 35.3 it/s
[  2600/6000] loss 0.3198 lr 1.36e-04 35.6 it/s
[  2800/6000] loss 0.2403 lr 1.25e-04 35.8 it/s
[  3000/6000] loss 0.2474 lr 1.14e-04 36.0 it/s
[dev 3000] rmse=6.1297 bias=-1.3025
[  3200/6000] loss 0.1596 lr 1.03e-04 35.0 it/s
[  3400/6000] loss 0.2005 lr 9.15e-05 35.2 it/s
[  3600/6000] loss 0.1934 lr 8.02e-05 35.4 it/s
[  3800/6000] loss 0.2766 lr 6.92e-05 35.6 it/s
[  4000/6000] loss 0.2564 lr 5.85e-05 35.7 it/s
[dev 4000] rmse=6.2430 bias=-1.3610
[  4200/6000] loss 0.1497 lr 4.84e-05 35.0 it/s
[  4400/6000] loss 0.2691 lr 3.90e-05 35.1 it/s
[  4600/6000] loss 0.2905 lr 3.03e-05 35.3 it/s
[  4800/6000] loss 0.2093 lr 2.26e-05 35.4 it/s
[  5000/6000] loss 0.2963 lr 1.59e-05 35.6 it/s
[dev 5000] rmse=6.2569 bias=-1.3500
[  5200/6000] loss 0.3147 lr 1.03e-05 35.0 it/s
[  5400/6000] loss 0.2380 lr 5.83e-06 35.1 it/s
[  5600/6000] loss 0.2054 lr 2.61e-06 35.2 it/s
[  5800/6000] loss 0.1592 lr 6.58e-07 35.4 it/s
[  6000/6000] loss 0.3069 lr 1.63e-11 35.5 it/s
[dev 6000] rmse=6.3442 bias=-1.3559
[done] best dev score 5.5641 in 2.9 min
----- loss=mse
[data] coarse (35, 30) fine (420, 360) | train 1096 dev 365 test 731 days | cond channels 18 | loaded in 5.0s
[data] dev evaluation on 365 days
[model] cnn: 11.68 M parameters on cuda
[loss] mse (mm scale 11.38)
[   200/6000] loss 0.2029 lr 7.96e-05 36.2 it/s
[   400/6000] loss 1.7776 lr 1.60e-04 37.2 it/s
[   600/6000] loss 0.0783 lr 2.00e-04 37.6 it/s
[   800/6000] loss 0.2497 lr 1.99e-04 37.8 it/s
[  1000/6000] loss 0.0892 lr 1.96e-04 37.9 it/s
[dev 1000] rmse=5.1752 bias=-0.3937
        saved cnn_mse_best.pt (score 5.1752)
[  1200/6000] loss 0.5225 lr 1.92e-04 34.6 it/s
[  1400/6000] loss 0.1107 lr 1.87e-04 35.1 it/s
[  1600/6000] loss 0.2818 lr 1.81e-04 35.5 it/s
[  1800/6000] loss 0.2543 lr 1.74e-04 35.8 it/s
[  2000/6000] loss 0.6501 lr 1.66e-04 36.0 it/s
[dev 2000] rmse=5.2433 bias=-0.3962
[  2200/6000] loss 0.2243 lr 1.56e-04 34.5 it/s
[  2400/6000] loss 0.2643 lr 1.47e-04 34.8 it/s
[  2600/6000] loss 0.3262 lr 1.36e-04 35.1 it/s
[  2800/6000] loss 1.7806 lr 1.25e-04 35.2 it/s
[  3000/6000] loss 0.1452 lr 1.14e-04 35.4 it/s
[dev 3000] rmse=5.3192 bias=-0.3792
[  3200/6000] loss 0.2721 lr 1.03e-04 34.5 it/s
[  3400/6000] loss 0.1464 lr 9.15e-05 34.7 it/s
[  3600/6000] loss 2.6186 lr 8.02e-05 34.8 it/s
[  3800/6000] loss 1.6864 lr 6.92e-05 35.0 it/s
[  4000/6000] loss 0.1053 lr 5.85e-05 35.1 it/s
[dev 4000] rmse=5.3930 bias=-0.3928
[  4200/6000] loss 0.1530 lr 4.84e-05 34.4 it/s
[  4400/6000] loss 0.2978 lr 3.90e-05 34.6 it/s
[  4600/6000] loss 0.5326 lr 3.03e-05 34.7 it/s
[  4800/6000] loss 0.2085 lr 2.26e-05 34.9 it/s
[  5000/6000] loss 0.3107 lr 1.59e-05 35.0 it/s
[dev 5000] rmse=5.4439 bias=-0.4171
[  5200/6000] loss 0.3591 lr 1.03e-05 34.4 it/s
[  5400/6000] loss 0.2849 lr 5.83e-06 34.6 it/s
[  5600/6000] loss 0.0723 lr 2.61e-06 34.7 it/s
[  5800/6000] loss 0.8491 lr 6.58e-07 34.9 it/s
[  6000/6000] loss 0.4150 lr 1.63e-11 35.0 it/s
[dev 6000] rmse=5.4192 bias=-0.3926
[done] best dev score 5.1752 in 2.9 min
----- loss=hybrid
[data] coarse (35, 30) fine (420, 360) | train 1096 dev 365 test 731 days | cond channels 19 | loaded in 5.1s
[data] dev evaluation on 365 days
[model] cnn: 11.68 M parameters on cuda
[loss] hybrid (mm scale 11.38)
[   200/6000] loss 0.2363 lr 7.96e-05 34.7 it/s
[   400/6000] loss 1.0762 lr 1.60e-04 36.1 it/s
[   600/6000] loss 0.1403 lr 2.00e-04 36.2 it/s
[   800/6000] loss 0.2325 lr 1.99e-04 36.2 it/s
[  1000/6000] loss 0.1442 lr 1.96e-04 36.4 it/s
[dev 1000] rmse=5.2858 bias=-0.6577
        saved cnn_hybrid_best.pt (score 5.2858)
[  1200/6000] loss 0.3912 lr 1.92e-04 33.4 it/s
[  1400/6000] loss 0.1412 lr 1.87e-04 33.9 it/s
[  1600/6000] loss 0.2908 lr 1.81e-04 34.3 it/s
[  1800/6000] loss 0.2716 lr 1.74e-04 34.6 it/s
[  2000/6000] loss 0.5620 lr 1.66e-04 34.9 it/s
[dev 2000] rmse=5.5144 bias=-0.8966
[  2200/6000] loss 0.2311 lr 1.56e-04 33.5 it/s
[  2400/6000] loss 0.2124 lr 1.47e-04 33.8 it/s
[  2600/6000] loss 0.3307 lr 1.36e-04 34.1 it/s
[  2800/6000] loss 0.9978 lr 1.25e-04 34.2 it/s
[  3000/6000] loss 0.2079 lr 1.14e-04 34.4 it/s
[dev 3000] rmse=5.6859 bias=-1.0093
[  3200/6000] loss 0.2309 lr 1.03e-04 33.5 it/s
[  3400/6000] loss 0.1999 lr 9.15e-05 33.7 it/s
[  3600/6000] loss 1.3039 lr 8.02e-05 33.8 it/s
[  3800/6000] loss 1.0462 lr 6.92e-05 34.0 it/s
[  4000/6000] loss 0.1651 lr 5.85e-05 34.1 it/s
[dev 4000] rmse=5.8046 bias=-1.0477
[  4200/6000] loss 0.1524 lr 4.84e-05 33.4 it/s
[  4400/6000] loss 0.2720 lr 3.90e-05 33.6 it/s
[  4600/6000] loss 0.4818 lr 3.03e-05 33.7 it/s
[  4800/6000] loss 0.2346 lr 2.26e-05 33.8 it/s
[  5000/6000] loss 0.3480 lr 1.59e-05 33.9 it/s
[dev 5000] rmse=5.8996 bias=-1.0822
[  5200/6000] loss 0.3373 lr 1.03e-05 33.4 it/s
[  5400/6000] loss 0.2974 lr 5.83e-06 33.5 it/s
[  5600/6000] loss 0.1530 lr 2.61e-06 33.7 it/s
[  5800/6000] loss 0.6089 lr 6.58e-07 33.8 it/s
[  6000/6000] loss 0.3552 lr 1.63e-11 33.9 it/s
[dev 6000] rmse=5.9284 bias=-1.0841
[done] best dev score 5.2858 in 3.0 min
=== done Tue Sep 22 12:58:45 PM CDT 2026
