=== cnn | steps 20000 | budget 70min | Tue Sep 22 12:34:33 PM CDT 2026
NVIDIA GH200 120GB, 97871 MiB
[data] coarse (35, 30) fine (420, 360) | train 1096 dev 365 test 731 days | cond channels 18 | loaded in 5.3s
[data] dev evaluation on 365 days
[model] cnn: 11.68 M parameters on cuda
[   200/20000] loss 0.2677 lr 7.96e-05 36.1 it/s
[   400/20000] loss 0.2488 lr 1.60e-04 37.5 it/s
[   600/20000] loss 0.1749 lr 2.00e-04 37.9 it/s
[   800/20000] loss 0.2321 lr 2.00e-04 38.2 it/s
[  1000/20000] loss 0.2019 lr 2.00e-04 38.3 it/s
[dev 1000] rmse=5.5430 bias=-0.8913
        saved cnn_best.pt (score 5.5430)
[  1200/20000] loss 0.2415 lr 1.99e-04 34.8 it/s
[  1400/20000] loss 0.1662 lr 1.99e-04 35.3 it/s
[  1600/20000] loss 0.2714 lr 1.98e-04 35.7 it/s
[  1800/20000] loss 0.2737 lr 1.98e-04 36.0 it/s
[  2000/20000] loss 0.4449 lr 1.97e-04 36.2 it/s
[dev 2000] rmse=5.9196 bias=-1.1635
[  2200/20000] loss 0.2414 lr 1.96e-04 34.7 it/s
[  2400/20000] loss 0.1410 lr 1.95e-04 35.0 it/s
[  2600/20000] loss 0.3537 lr 1.94e-04 35.3 it/s
[  2800/20000] loss 0.2322 lr 1.93e-04 35.5 it/s
[  3000/20000] loss 0.2611 lr 1.92e-04 35.7 it/s
[dev 3000] rmse=6.0916 bias=-1.2591
[  3200/20000] loss 0.1599 lr 1.91e-04 34.7 it/s
[  3400/20000] loss 0.2107 lr 1.89e-04 34.9 it/s
[  3600/20000] loss 0.2022 lr 1.88e-04 35.1 it/s
[  3800/20000] loss 0.2714 lr 1.86e-04 35.3 it/s
[  4000/20000] loss 0.2365 lr 1.85e-04 35.5 it/s
[dev 4000] rmse=6.2631 bias=-1.3430
[  4200/20000] loss 0.1508 lr 1.83e-04 34.7 it/s
[  4400/20000] loss 0.3056 lr 1.81e-04 34.9 it/s
[  4600/20000] loss 0.3012 lr 1.79e-04 35.0 it/s
[  4800/20000] loss 0.2101 lr 1.77e-04 35.2 it/s
[  5000/20000] loss 0.3234 lr 1.75e-04 35.3 it/s
[dev 5000] rmse=6.3437 bias=-1.3804
[  5200/20000] loss 0.3378 lr 1.73e-04 34.7 it/s
[  5400/20000] loss 0.2585 lr 1.70e-04 34.8 it/s
[  5600/20000] loss 0.2029 lr 1.68e-04 35.0 it/s
[  5800/20000] loss 0.1769 lr 1.66e-04 35.1 it/s
[  6000/20000] loss 0.3070 lr 1.63e-04 35.2 it/s
[dev 6000] rmse=6.2615 bias=-1.3099
[  6200/20000] loss 0.3529 lr 1.61e-04 34.7 it/s
[  6400/20000] loss 0.2650 lr 1.58e-04 34.8 it/s
[  6600/20000] loss 0.2331 lr 1.55e-04 34.9 it/s
[  6800/20000] loss 0.2894 lr 1.53e-04 35.0 it/s
[  7000/20000] loss 0.1942 lr 1.50e-04 35.1 it/s
[dev 7000] rmse=6.2998 bias=-1.3060
[  7200/20000] loss 0.1744 lr 1.47e-04 34.7 it/s
[  7400/20000] loss 0.1602 lr 1.44e-04 34.8 it/s
[  7600/20000] loss 0.2865 lr 1.41e-04 34.9 it/s
[  7800/20000] loss 0.1965 lr 1.38e-04 35.0 it/s
[  8000/20000] loss 0.1839 lr 1.35e-04 35.1 it/s
