=== run_all Tue Sep 22 02:27:21 PM CDT 2026
NVIDIA GH200 120GB, 97871 MiB
----- cnn base=24
[data] coarse (35, 30) fine (420, 360) | train 1096 dev 365 test 731 days | cond channels 19 | loaded in 5.9s
[data] dev evaluation on 365 days
[model] cnn: 1.65 M parameters on cuda
[loss] mse (mm scale 11.38)
[   200/8000] loss 0.2042 lr 7.96e-05 36.8 it/s
[   400/8000] loss 1.7342 lr 1.60e-04 38.6 it/s
[dev 500] rmse=5.1365 bias=-0.2920
        saved cnn_b24_best.pt (score 5.1365)
[   600/8000] loss 0.0799 lr 2.00e-04 35.6 it/s
[   800/8000] loss 0.2473 lr 1.99e-04 36.7 it/s
[  1000/8000] loss 0.0876 lr 1.98e-04 37.4 it/s
[dev 1000] rmse=5.1538 bias=-0.3860
[  1200/8000] loss 0.5234 lr 1.96e-04 36.3 it/s
[  1400/8000] loss 0.1412 lr 1.93e-04 36.7 it/s
[dev 1500] rmse=5.2037 bias=-0.4667
[  1600/8000] loss 0.3028 lr 1.90e-04 35.9 it/s
[  1800/8000] loss 0.2559 lr 1.86e-04 36.3 it/s
[  2000/8000] loss 0.6437 lr 1.81e-04 36.6 it/s
[dev 2000] rmse=5.2586 bias=-0.5228
[  2200/8000] loss 0.2168 lr 1.76e-04 36.1 it/s
[  2400/8000] loss 0.2770 lr 1.70e-04 36.3 it/s
[dev 2500] rmse=5.2891 bias=-0.5399
[  2600/8000] loss 0.3114 lr 1.64e-04 35.9 it/s
[  2800/8000] loss 1.7317 lr 1.57e-04 36.2 it/s
[  3000/8000] loss 0.1346 lr 1.50e-04 36.4 it/s
[dev 3000] rmse=5.3295 bias=-0.5534
[  3200/8000] loss 0.2857 lr 1.43e-04 36.1 it/s
[  3400/8000] loss 0.1481 lr 1.35e-04 36.2 it/s
[dev 3500] rmse=5.3276 bias=-0.5254
[  3600/8000] loss 2.5358 lr 1.27e-04 36.0 it/s
[  3800/8000] loss 1.7880 lr 1.19e-04 36.2 it/s
[  4000/8000] loss 0.1121 lr 1.10e-04 36.3 it/s
[dev 4000] rmse=5.3546 bias=-0.5390
[  4200/8000] loss 0.1714 lr 1.02e-04 36.1 it/s
[  4400/8000] loss 0.2538 lr 9.38e-05 36.3 it/s
[dev 4500] rmse=5.3668 bias=-0.5274
[  4600/8000] loss 0.6126 lr 8.54e-05 36.0 it/s
[  4800/8000] loss 0.2416 lr 7.72e-05 36.1 it/s
[  5000/8000] loss 0.3017 lr 6.91e-05 36.3 it/s
[dev 5000] rmse=5.3580 bias=-0.4878
[  5200/8000] loss 0.3659 lr 6.13e-05 36.1 it/s
[  5400/8000] loss 0.3252 lr 5.37e-05 36.2 it/s
[dev 5500] rmse=5.3533 bias=-0.4716
[  5600/8000] loss 0.0767 lr 4.65e-05 36.1 it/s
[  5800/8000] loss 0.8895 lr 3.96e-05 36.2 it/s
[  6000/8000] loss 0.4124 lr 3.31e-05 36.3 it/s
[dev 6000] rmse=5.3479 bias=-0.4544
[  6200/8000] loss 0.5234 lr 2.71e-05 36.2 it/s
[  6400/8000] loss 0.3597 lr 2.17e-05 36.2 it/s
[dev 6500] rmse=5.3651 bias=-0.4491
[  6600/8000] loss 0.3074 lr 1.67e-05 36.1 it/s
[  6800/8000] loss 0.2297 lr 1.24e-05 36.2 it/s
[  7000/8000] loss 0.2800 lr 8.66e-06 36.3 it/s
[dev 7000] rmse=5.3914 bias=-0.4685
[  7200/8000] loss 0.0616 lr 5.58e-06 36.1 it/s
[  7400/8000] loss 0.1503 lr 3.15e-06 36.2 it/s
[dev 7500] rmse=5.4023 bias=-0.4704
[  7600/8000] loss 0.4231 lr 1.41e-06 36.1 it/s
[  7800/8000] loss 0.0830 lr 3.54e-07 36.2 it/s
[  8000/8000] loss 0.7424 lr 8.77e-12 36.3 it/s
[dev 8000] rmse=5.4145 bias=-0.4789
[done] best dev score 5.1365 in 3.7 min
----- cnn base=64
[data] coarse (35, 30) fine (420, 360) | train 1096 dev 365 test 731 days | cond channels 19 | loaded in 5.4s
[data] dev evaluation on 365 days
[model] cnn: 11.68 M parameters on cuda
[loss] mse (mm scale 11.38)
[   200/8000] loss 0.2018 lr 7.96e-05 36.2 it/s
[   400/8000] loss 1.7622 lr 1.60e-04 37.6 it/s
[dev 500] rmse=5.1382 bias=-0.3267
        saved cnn_b64_best.pt (score 5.1382)
[   600/8000] loss 0.0928 lr 2.00e-04 31.6 it/s
[   800/8000] loss 0.2550 lr 1.99e-04 33.2 it/s
[  1000/8000] loss 0.0900 lr 1.98e-04 34.2 it/s
[dev 1000] rmse=5.1515 bias=-0.3940
[  1200/8000] loss 0.5265 lr 1.96e-04 32.0 it/s
[  1400/8000] loss 0.1357 lr 1.93e-04 32.8 it/s
[dev 1500] rmse=5.1640 bias=-0.4136
[  1600/8000] loss 0.3077 lr 1.90e-04 31.4 it/s
[  1800/8000] loss 0.2655 lr 1.86e-04 32.0 it/s
[  2000/8000] loss 0.6428 lr 1.81e-04 32.6 it/s
[dev 2000] rmse=5.1850 bias=-0.4369
[  2200/8000] loss 0.2235 lr 1.76e-04 31.6 it/s
[  2400/8000] loss 0.2600 lr 1.70e-04 32.1 it/s
[dev 2500] rmse=5.2119 bias=-0.4526
[  2600/8000] loss 0.3144 lr 1.64e-04 31.3 it/s
[  2800/8000] loss 1.7933 lr 1.57e-04 31.7 it/s
[  3000/8000] loss 0.1356 lr 1.50e-04 32.2 it/s
[dev 3000] rmse=5.2586 bias=-0.4761
[  3200/8000] loss 0.2837 lr 1.43e-04 31.5 it/s
[  3400/8000] loss 0.1458 lr 1.35e-04 31.9 it/s
[dev 3500] rmse=5.2610 bias=-0.4480
[  3600/8000] loss 2.6030 lr 1.27e-04 31.3 it/s
[  3800/8000] loss 1.6885 lr 1.19e-04 31.6 it/s
[  4000/8000] loss 0.0999 lr 1.10e-04 31.9 it/s
[dev 4000] rmse=5.2842 bias=-0.4618
[  4200/8000] loss 0.1630 lr 1.02e-04 31.4 it/s
[  4400/8000] loss 0.2687 lr 9.38e-05 31.7 it/s
[dev 4500] rmse=5.3032 bias=-0.4621
[  4600/8000] loss 0.6191 lr 8.54e-05 31.3 it/s
[  4800/8000] loss 0.2443 lr 7.72e-05 31.5 it/s
[  5000/8000] loss 0.2959 lr 6.91e-05 31.8 it/s
[dev 5000] rmse=5.3064 bias=-0.4351
[  5200/8000] loss 0.3792 lr 6.13e-05 31.4 it/s
[  5400/8000] loss 0.3140 lr 5.37e-05 31.6 it/s
[dev 5500] rmse=5.3077 bias=-0.4104
[  5600/8000] loss 0.0753 lr 4.65e-05 31.3 it/s
[  5800/8000] loss 0.7691 lr 3.96e-05 31.5 it/s
[  6000/8000] loss 0.3987 lr 3.31e-05 31.7 it/s
[dev 6000] rmse=5.3000 bias=-0.3737
[  6200/8000] loss 0.5076 lr 2.71e-05 31.4 it/s
[  6400/8000] loss 0.3651 lr 2.17e-05 31.6 it/s
[dev 6500] rmse=5.3197 bias=-0.3585
[  6600/8000] loss 0.3062 lr 1.67e-05 31.3 it/s
[  6800/8000] loss 0.2337 lr 1.24e-05 31.5 it/s
[  7000/8000] loss 0.2884 lr 8.66e-06 31.6 it/s
[dev 7000] rmse=5.3454 bias=-0.3719
[  7200/8000] loss 0.0610 lr 5.58e-06 31.4 it/s
[  7400/8000] loss 0.1480 lr 3.15e-06 31.5 it/s
[dev 7500] rmse=5.3486 bias=-0.3494
[  7600/8000] loss 0.4237 lr 1.41e-06 31.3 it/s
[  7800/8000] loss 0.0815 lr 3.54e-07 31.4 it/s
[  8000/8000] loss 0.8282 lr 8.77e-12 31.6 it/s
[dev 8000] rmse=5.3544 bias=-0.3441
[done] best dev score 5.1382 in 4.3 min
----- best CNN config: b24
  100/731 days
  200/731 days
  300/731 days
  400/731 days
  500/731 days
  600/731 days
  700/731 days
[written] results/deep/cnn_1km_2019_2020.nc
----- swin
[data] coarse (35, 30) fine (420, 360) | train 1096 dev 365 test 731 days | cond channels 19 | loaded in 5.1s
[data] dev evaluation on 365 days
[model] swin: 7.94 M parameters on cuda
[loss] mse (mm scale 11.38)
[   200/8000] loss 0.1978 lr 5.97e-05 1.4 it/s
[   400/8000] loss 1.9739 lr 1.20e-04 1.4 it/s
[dev 500] rmse=5.1389 bias=-0.2675
        saved swin_best.pt (score 5.1389)
[   600/8000] loss 0.0982 lr 1.50e-04 1.3 it/s
[   800/8000] loss 0.2498 lr 1.49e-04 1.3 it/s
[  1000/8000] loss 0.0961 lr 1.48e-04 1.3 it/s
[dev 1000] rmse=5.1476 bias=-0.3235
[  1200/8000] loss 0.5044 lr 1.47e-04 1.3 it/s
[  1400/8000] loss 0.1082 lr 1.45e-04 1.3 it/s
[dev 1500] rmse=5.1557 bias=-0.3328
[  1600/8000] loss 0.2843 lr 1.42e-04 1.3 it/s
[  1800/8000] loss 0.2619 lr 1.39e-04 1.3 it/s
[budget] 25 min reached at step 1925; finishing up
[dev 1925] rmse=5.1750 bias=-0.3669
[done] best dev score 5.1389 in 25.8 min
  100/731 days
  200/731 days
  300/731 days
  400/731 days
  500/731 days
  600/731 days
  700/731 days
[written] results/deep/swin_1km_2019_2020.nc
----- diffusion
[data] coarse (35, 30) fine (420, 360) | train 1096 dev 365 test 731 days | cond channels 19 | loaded in 5.2s
[data] dev evaluation on 365 days
[diffusion] residual scale 0.358
[model] diffusion: 12.35 M parameters on cuda
[loss] hybrid (mm scale 11.38)
[   200/30000] loss 0.1271 lr 7.96e-05 25.7 it/s
[   400/30000] loss 0.0304 lr 1.60e-04 26.0 it/s
[   600/30000] loss 0.0316 lr 2.00e-04 26.0 it/s
[   800/30000] loss 0.0494 lr 2.00e-04 26.0 it/s
[  1000/30000] loss 0.0314 lr 2.00e-04 25.9 it/s
[  1200/30000] loss 0.0415 lr 2.00e-04 25.9 it/s
[  1400/30000] loss 0.0177 lr 2.00e-04 26.0 it/s
[  1600/30000] loss 0.0244 lr 1.99e-04 26.0 it/s
[  1800/30000] loss 0.0189 lr 1.99e-04 25.9 it/s
[  2000/30000] loss 0.0444 lr 1.99e-04 26.0 it/s
[dev 2000] loss=0.0591
        saved diffusion_best.pt (score 0.0591)
[  2200/30000] loss 0.0400 lr 1.98e-04 24.6 it/s
[  2400/30000] loss 0.0247 lr 1.98e-04 24.7 it/s
[  2600/30000] loss 0.0273 lr 1.98e-04 24.8 it/s
[  2800/30000] loss 0.0221 lr 1.97e-04 24.9 it/s
[  3000/30000] loss 0.0153 lr 1.96e-04 24.9 it/s
[  3200/30000] loss 0.0476 lr 1.96e-04 25.0 it/s
[  3400/30000] loss 0.0183 lr 1.95e-04 25.0 it/s
[  3600/30000] loss 0.0165 lr 1.95e-04 25.1 it/s
[  3800/30000] loss 0.0129 lr 1.94e-04 25.1 it/s
[  4000/30000] loss 0.0131 lr 1.93e-04 25.2 it/s
[dev 4000] loss=0.0248
        saved diffusion_best.pt (score 0.0248)
[  4200/30000] loss 0.0157 lr 1.92e-04 24.5 it/s
[  4400/30000] loss 0.0176 lr 1.92e-04 24.6 it/s
[  4600/30000] loss 0.0341 lr 1.91e-04 24.7 it/s
[  4800/30000] loss 0.0298 lr 1.90e-04 24.7 it/s
[  5000/30000] loss 0.0243 lr 1.89e-04 24.8 it/s
[  5200/30000] loss 0.0290 lr 1.88e-04 24.8 it/s
[  5400/30000] loss 0.0152 lr 1.87e-04 24.9 it/s
[  5600/30000] loss 0.0133 lr 1.86e-04 24.9 it/s
[  5800/30000] loss 0.0160 lr 1.84e-04 25.0 it/s
[  6000/30000] loss 0.0192 lr 1.83e-04 25.0 it/s
[dev 6000] loss=0.0232
        saved diffusion_best.pt (score 0.0232)
[  6200/30000] loss 0.0350 lr 1.82e-04 24.6 it/s
[  6400/30000] loss 0.0183 lr 1.81e-04 24.6 it/s
[  6600/30000] loss 0.0240 lr 1.80e-04 24.7 it/s
[  6800/30000] loss 0.0557 lr 1.78e-04 24.7 it/s
[  7000/30000] loss 0.0215 lr 1.77e-04 24.7 it/s
[  7200/30000] loss 0.0143 lr 1.76e-04 24.8 it/s
[  7400/30000] loss 0.0334 lr 1.74e-04 24.8 it/s
[  7600/30000] loss 0.0152 lr 1.73e-04 24.8 it/s
[  7800/30000] loss 0.0195 lr 1.71e-04 24.9 it/s
[  8000/30000] loss 0.0211 lr 1.70e-04 24.9 it/s
[dev 8000] loss=0.0226
        saved diffusion_best.pt (score 0.0226)
[  8200/30000] loss 0.0280 lr 1.68e-04 24.6 it/s
[  8400/30000] loss 0.0176 lr 1.67e-04 24.6 it/s
[  8600/30000] loss 0.0110 lr 1.65e-04 24.6 it/s
[  8800/30000] loss 0.0309 lr 1.63e-04 24.6 it/s
[  9000/30000] loss 0.0638 lr 1.62e-04 24.6 it/s
[  9200/30000] loss 0.0128 lr 1.60e-04 24.7 it/s
[  9400/30000] loss 0.0108 lr 1.58e-04 24.7 it/s
[  9600/30000] loss 0.0305 lr 1.57e-04 24.7 it/s
[  9800/30000] loss 0.0149 lr 1.55e-04 24.8 it/s
[ 10000/30000] loss 0.0172 lr 1.53e-04 24.8 it/s
[dev 10000] loss=0.0222
        saved diffusion_best.pt (score 0.0222)
[ 10200/30000] loss 0.0139 lr 1.51e-04 24.5 it/s
[ 10400/30000] loss 0.0143 lr 1.49e-04 24.5 it/s
[ 10600/30000] loss 0.0080 lr 1.48e-04 24.5 it/s
[ 10800/30000] loss 0.0344 lr 1.46e-04 24.6 it/s
[ 11000/30000] loss 0.0192 lr 1.44e-04 24.6 it/s
[ 11200/30000] loss 0.0236 lr 1.42e-04 24.6 it/s
[ 11400/30000] loss 0.0512 lr 1.40e-04 24.7 it/s
[ 11600/30000] loss 0.0281 lr 1.38e-04 24.7 it/s
[ 11800/30000] loss 0.0179 lr 1.36e-04 24.7 it/s
[ 12000/30000] loss 0.0226 lr 1.34e-04 24.7 it/s
[dev 12000] loss=0.0219
        saved diffusion_best.pt (score 0.0219)
[ 12200/30000] loss 0.0253 lr 1.32e-04 24.5 it/s
[ 12400/30000] loss 0.0474 lr 1.30e-04 24.6 it/s
[ 12600/30000] loss 0.0141 lr 1.28e-04 24.6 it/s
[ 12800/30000] loss 0.0182 lr 1.26e-04 24.6 it/s
[ 13000/30000] loss 0.0294 lr 1.24e-04 24.6 it/s
[ 13200/30000] loss 0.0201 lr 1.22e-04 24.7 it/s
[ 13400/30000] loss 0.0125 lr 1.20e-04 24.7 it/s
[ 13600/30000] loss 0.0252 lr 1.17e-04 24.7 it/s
[ 13800/30000] loss 0.0247 lr 1.15e-04 24.7 it/s
[ 14000/30000] loss 0.0096 lr 1.13e-04 24.7 it/s
[dev 14000] loss=0.0216
        saved diffusion_best.pt (score 0.0216)
[ 14200/30000] loss 0.0161 lr 1.11e-04 24.6 it/s
[ 14400/30000] loss 0.0359 lr 1.09e-04 24.6 it/s
[ 14600/30000] loss 0.0168 lr 1.07e-04 24.6 it/s
[ 14800/30000] loss 0.0159 lr 1.05e-04 24.6 it/s
[ 15000/30000] loss 0.0131 lr 1.03e-04 24.6 it/s
[ 15200/30000] loss 0.0135 lr 1.01e-04 24.7 it/s
[ 15400/30000] loss 0.0220 lr 9.84e-05 24.7 it/s
[ 15600/30000] loss 0.0128 lr 9.63e-05 24.7 it/s
[ 15800/30000] loss 0.0331 lr 9.42e-05 24.7 it/s
[ 16000/30000] loss 0.0227 lr 9.20e-05 24.7 it/s
[dev 16000] loss=0.0214
        saved diffusion_best.pt (score 0.0214)
[ 16200/30000] loss 0.0195 lr 8.99e-05 24.6 it/s
[ 16400/30000] loss 0.0333 lr 8.78e-05 24.6 it/s
[ 16600/30000] loss 0.0216 lr 8.57e-05 24.6 it/s
[ 16800/30000] loss 0.0295 lr 8.36e-05 24.6 it/s
[ 17000/30000] loss 0.0110 lr 8.15e-05 24.6 it/s
[ 17200/30000] loss 0.0251 lr 7.94e-05 24.7 it/s
[ 17400/30000] loss 0.0158 lr 7.73e-05 24.7 it/s
[ 17600/30000] loss 0.0171 lr 7.52e-05 24.7 it/s
[ 17800/30000] loss 0.0209 lr 7.32e-05 24.7 it/s
[ 18000/30000] loss 0.0103 lr 7.11e-05 24.7 it/s
[dev 18000] loss=0.0212
        saved diffusion_best.pt (score 0.0212)
[ 18200/30000] loss 0.0155 lr 6.91e-05 24.6 it/s
[ 18400/30000] loss 0.0474 lr 6.71e-05 24.6 it/s
[ 18600/30000] loss 0.0829 lr 6.51e-05 24.6 it/s
[ 18800/30000] loss 0.0258 lr 6.31e-05 24.6 it/s
[ 19000/30000] loss 0.0158 lr 6.11e-05 24.6 it/s
[ 19200/30000] loss 0.0290 lr 5.92e-05 24.7 it/s
[ 19400/30000] loss 0.0165 lr 5.72e-05 24.7 it/s
[ 19600/30000] loss 0.0224 lr 5.53e-05 24.7 it/s
[ 19800/30000] loss 0.0133 lr 5.34e-05 24.7 it/s
[ 20000/30000] loss 0.0180 lr 5.16e-05 24.7 it/s
[dev 20000] loss=0.0211
        saved diffusion_best.pt (score 0.0211)
[ 20200/30000] loss 0.0208 lr 4.97e-05 24.6 it/s
[ 20400/30000] loss 0.0500 lr 4.79e-05 24.6 it/s
[ 20600/30000] loss 0.0131 lr 4.61e-05 24.6 it/s
[ 20800/30000] loss 0.0271 lr 4.43e-05 24.6 it/s
[ 21000/30000] loss 0.0226 lr 4.25e-05 24.6 it/s
[ 21200/30000] loss 0.0083 lr 4.08e-05 24.7 it/s
[ 21400/30000] loss 0.0284 lr 3.91e-05 24.7 it/s
[ 21600/30000] loss 0.0293 lr 3.74e-05 24.7 it/s
[ 21800/30000] loss 0.0195 lr 3.58e-05 24.7 it/s
[ 22000/30000] loss 0.0081 lr 3.42e-05 24.7 it/s
[dev 22000] loss=0.0210
        saved diffusion_best.pt (score 0.0210)
[ 22200/30000] loss 0.0229 lr 3.26e-05 24.6 it/s
[ 22400/30000] loss 0.0408 lr 3.10e-05 24.6 it/s
[ 22600/30000] loss 0.0088 lr 2.95e-05 24.6 it/s
[ 22800/30000] loss 0.0116 lr 2.80e-05 24.6 it/s
[ 23000/30000] loss 0.0307 lr 2.65e-05 24.6 it/s
[ 23200/30000] loss 0.0199 lr 2.51e-05 24.6 it/s
[ 23400/30000] loss 0.0593 lr 2.37e-05 24.7 it/s
[ 23600/30000] loss 0.0172 lr 2.23e-05 24.7 it/s
[ 23800/30000] loss 0.0115 lr 2.10e-05 24.7 it/s
[ 24000/30000] loss 0.0148 lr 1.97e-05 24.7 it/s
[dev 24000] loss=0.0209
        saved diffusion_best.pt (score 0.0209)
[ 24200/30000] loss 0.0152 lr 1.85e-05 24.6 it/s
[ 24400/30000] loss 0.0264 lr 1.73e-05 24.6 it/s
[ 24600/30000] loss 0.0118 lr 1.61e-05 24.6 it/s
[ 24800/30000] loss 0.0134 lr 1.50e-05 24.6 it/s
[ 25000/30000] loss 0.0102 lr 1.38e-05 24.6 it/s
[ 25200/30000] loss 0.0221 lr 1.28e-05 24.6 it/s
[ 25400/30000] loss 0.0312 lr 1.18e-05 24.6 it/s
[ 25600/30000] loss 0.0321 lr 1.08e-05 24.6 it/s
[ 25800/30000] loss 0.0373 lr 9.84e-06 24.6 it/s
[ 26000/30000] loss 0.0187 lr 8.94e-06 24.6 it/s
[dev 26000] loss=0.0209
        saved diffusion_best.pt (score 0.0209)
[ 26200/30000] loss 0.0095 lr 8.08e-06 24.5 it/s
[ 26400/30000] loss 0.0283 lr 7.26e-06 24.6 it/s
[ 26600/30000] loss 0.0362 lr 6.49e-06 24.6 it/s
[ 26800/30000] loss 0.0226 lr 5.75e-06 24.6 it/s
[ 27000/30000] loss 0.0296 lr 5.06e-06 24.6 it/s
[ 27200/30000] loss 0.0135 lr 4.42e-06 24.6 it/s
[ 27400/30000] loss 0.0295 lr 3.81e-06 24.6 it/s
[ 27600/30000] loss 0.0198 lr 3.25e-06 24.6 it/s
[ 27800/30000] loss 0.0145 lr 2.73e-06 24.6 it/s
[ 28000/30000] loss 0.0300 lr 2.26e-06 24.6 it/s
[dev 28000] loss=0.0209
[ 28200/30000] loss 0.0222 lr 1.83e-06 24.5 it/s
[ 28400/30000] loss 0.0220 lr 1.45e-06 24.5 it/s
[ 28600/30000] loss 0.0149 lr 1.11e-06 24.5 it/s
[ 28800/30000] loss 0.0108 lr 8.17e-07 24.6 it/s
[ 29000/30000] loss 0.0179 lr 5.68e-07 24.6 it/s
[ 29200/30000] loss 0.0232 lr 3.64e-07 24.6 it/s
[ 29400/30000] loss 0.0335 lr 2.05e-07 24.6 it/s
[ 29600/30000] loss 0.0127 lr 9.12e-08 24.6 it/s
[ 29800/30000] loss 0.0132 lr 2.29e-08 24.6 it/s
[ 30000/30000] loss 0.0058 lr 5.67e-13 24.6 it/s
[dev 30000] loss=0.0209
[done] best dev score 0.0209 in 20.4 min
  100/731 days
  200/731 days
  300/731 days
  400/731 days
  500/731 days
  600/731 days
  700/731 days
[written] results/deep/diffusion_1km_2019_2020.nc
[ensemble] {'crps_mm': 2.9458062447943743, 'ensemble_spread_mm': 5.244182962002187, 'members': 6, 'ddim_steps': 40}
=== done Tue Sep 22 03:49:37 PM CDT 2026
total 860128
drwx------ 2 gurup12 G-826674      4096 Sep 22 15:49 .
drwx------ 2 gurup12 G-826674      4096 Sep 22 14:27 ..
-rw------- 1 gurup12 G-826674 186174484 Sep 22 14:36 cnn_1km_2019_2020.nc
-rw------- 1 gurup12 G-826674 415100722 Sep 22 15:49 diffusion_1km_2019_2020.nc
-rw------- 1 gurup12 G-826674       114 Sep 22 15:49 diffusion_ensemble_stats.json
-rw------- 1 gurup12 G-826674 279494585 Sep 22 15:03 swin_1km_2019_2020.nc
